total 76
drwxr-xr-x 11 shan shan 4096 May 11 14:58 .
drwxr-xr-x  3 shan shan 4096 May  3 14:37 ..
drwxr-xr-x  2 shan shan 4096 May  5 14:48 .agent
drwxr-xr-x  5 shan shan 4096 May  5 12:55 .agents
drwxr-xr-x  8 shan shan 4096 May 11 12:16 .git
drwxr-xr-x  3 shan shan 4096 May  3 16:40 .github
-rw-r--r--  1 shan shan  398 May 11 09:19 .gitignore
drwxr-xr-x  4 shan shan 4096 May  3 16:32 apps
-rw-r--r--  1 shan shan  510 May  3 16:37 docker-compose.yml
drwxr-xr-x  5 shan shan 4096 May  6 02:54 graphify-out
-rw-r--r--  1 shan shan  112 May  8 17:49 hello.html
drwxr-xr-x  3 shan shan 4096 May  3 17:54 node_modules
-rw-r--r--  1 shan shan 3391 May  3 17:54 package-lock.json
-rw-r--r--  1 shan shan   57 May  3 17:54 package.json
drwxr-xr-x  2 shan shan 4096 May 11 14:57 scratch
-rw-r--r--  1 shan shan  317 May  4 04:33 skills-lock.json
drwxr-xr-x  3 shan shan 4096 May  3 16:22 src
-rw-r--r--  1 shan shan   98 May  8 06:26 test.html
-rw-r--r--  1 shan shan    0 May 11 14:58 test_output.txt
-rw-r--r--  1 shan shan   93 May 11 11:05 vercel.json
